// Jest Snapshot v1, https://goo.gl/fbAQLP

exports[`renders select component 1`] = `
<div>
  <select>
    <option
      disabled=""
      hidden=""
      value=""
    >
      Please Choose...
    </option>
    <option
      data-testid="test1"
      value="test1"
    >
      test1
    </option>
    <option
      data-testid="test2"
      value="test2"
    >
      test2
    </option>
    <option
      data-testid="test3"
      value="test3"
    >
      test3
    </option>
  </select>
</div>
`;
